// Jest Snapshot v1, https://goo.gl/fbAQLP

exports[`should render correctly 1`] = `
<div
  className="AccDetails"
>
  <h1>
    Santander
  </h1>
  <h1>
    Denis
  </h1>
  <h2>
    Current Account: 
    09434534343434
  </h2>
</div>
`;
