// Jest Snapshot v1, https://goo.gl/fbAQLP

exports[`Renders correctly should render correctly 1`] = `
<Layout
  title=""
>
  <div>
    <h1>
      Page not found!
    </h1>
    <div>
      This page is either no longer available or you have entered a wrong path.
    </div>
  </div>
</Layout>
`;
